// Jest Snapshot v1, https://goo.gl/fbAQLP

exports[`Base renders on the page with no errors 1`] = `
<WithStyles(ForwardRef(Grid))
  alignItems="center"
  container={true}
  direction="column"
  justify="center"
  spacing={3}
>
  <WithStyles(ForwardRef(Grid))
    item={true}
  >
    <img
      alt="Rovercode"
      src={Object {}}
    />
  </WithStyles(ForwardRef(Grid))>
  <WithStyles(ForwardRef(Grid))
    item={true}
  >
    <Switch>
      <Route
        component={
          Object {
            "$$typeof": Symbol(react.forward_ref),
            "WrappedComponent": [Function],
            "displayName": "withCookies(injectIntl(Connect(Login)))",
            "render": [Function],
          }
        }
        exact={true}
        path="/accounts/login"
      />
      <Route
        component={
          Object {
            "$$typeof": Symbol(react.forward_ref),
            "WrappedComponent": [Function],
            "displayName": "withCookies(Connect(LoginCallback))",
            "render": [Function],
          }
        }
        exact={true}
        path="/accounts/login/callback/:service"
      />
      <Route
        component={[Function]}
        exact={true}
        path="/accounts/reset"
      />
      <Route
        component={[Function]}
        exact={true}
        path="/accounts/reset/callback/:uid/:token"
      />
      <Route
        component={
          Object {
            "$$typeof": Symbol(react.forward_ref),
            "WrappedComponent": [Function],
            "displayName": "withCookies(injectIntl(Connect(SignUp)))",
            "render": [Function],
          }
        }
        exact={true}
        path="/accounts/signup"
      />
      <Route
        component={[Function]}
      />
    </Switch>
  </WithStyles(ForwardRef(Grid))>
</WithStyles(ForwardRef(Grid))>
`;
