// Jest Snapshot v1, https://goo.gl/fbAQLP

exports[`Base renders on the page with no errors 1`] = `
<Grid
  centered={true}
  columns={16}
>
  <GridRow>
    <Image
      as="img"
      src={Object {}}
      ui={true}
    />
  </GridRow>
  <GridRow>
    <GridColumn
      width={16}
    >
      <Switch>
        <Route
          component={[Function]}
          exact={true}
          path="/accounts/login"
        />
        <Route
          component={[Function]}
          exact={true}
          path="/accounts/login/callback/:service"
        />
        <Route
          component={[Function]}
          exact={true}
          path="/accounts/reset"
        />
        <Route
          component={[Function]}
          exact={true}
          path="/accounts/reset/callback/:uid/:token"
        />
        <Route
          component={[Function]}
          exact={true}
          path="/accounts/signup"
        />
        <Route
          component={[Function]}
        />
      </Switch>
    </GridColumn>
  </GridRow>
</Grid>
`;
