// Jest Snapshot v1, https://goo.gl/fbAQLP

exports[`LoginCallback renders on the page with no errors 1`] = `
<LoginCallback
  allCookies={Object {}}
  cookies={
    Cookies {
      "HAS_DOCUMENT_COOKIE": true,
      "changeListeners": Array [
        [Function],
      ],
      "cookies": Object {},
    }
  }
  location={
    Object {
      "search": "?state=1234&code=5678",
    }
  }
  match={
    Object {
      "params": Object {
        "service": "google",
      },
    }
  }
  store={
    Object {
      "clearActions": [Function],
      "dispatch": [MockFunction],
      "getActions": [Function],
      "getState": [Function],
      "replaceReducer": [Function],
      "subscribe": [Function],
    }
  }
  updateUser={[Function]}
  updateValidAuth={[Function]}
/>
`;
