// Jest Snapshot v1, https://goo.gl/fbAQLP

exports[`Login renders on the page with no errors 1`] = `
<Fragment>
  <Grid
    centered={true}
    columns={16}
  >
    <GridRow>
      <p>
        You can sign up / sign in with one of your existing third-party accounts.
      </p>
    </GridRow>
    <GridRow>
      <GridColumn
        width={8}
      >
        <Button
          as="button"
          color="red"
          floated="right"
          id="google"
          onClick={[Function]}
        >
          <Icon
            as="i"
            name="google"
          />
          Sign in with Google
        </Button>
      </GridColumn>
      <GridColumn
        width={8}
      >
        <Button
          as="button"
          color="black"
          floated="left"
          id="github"
          onClick={[Function]}
        >
          <Icon
            as="i"
            name="github"
          />
          Sign in with GitHub
        </Button>
      </GridColumn>
    </GridRow>
    <GridRow>
      <p>
        Don't have any of those accounts?
         
        <a
          href="/accounts/signup"
        >
          Create a rovercode account.
        </a>
      </p>
    </GridRow>
    <GridRow>
      <p>
        Already have a rovercode account? Sign in here:
      </p>
    </GridRow>
    <GridRow>
      <GridColumn
        width={4}
      >
        <Segment
          raised={true}
          secondary={true}
        >
          <Form
            as="form"
            floated="left"
            onSubmit={[Function]}
          >
            <FormInput
              as={[Function]}
              control={[Function]}
              icon="user"
              iconPosition="left"
              onChange={[Function]}
              placeholder="Username"
              required={true}
            />
            <FormInput
              as={[Function]}
              control={[Function]}
              icon="lock"
              iconPosition="left"
              onChange={[Function]}
              placeholder="Password"
              required={true}
              type="password"
            />
            <FormButton
              as={[Function]}
              control={[Function]}
              primary={true}
              type="submit"
            >
              Sign In
            </FormButton>
          </Form>
        </Segment>
      </GridColumn>
    </GridRow>
    <GridRow>
      <p>
        <a
          href="/accounts/reset"
        >
          Forgot Password?
        </a>
      </p>
    </GridRow>
  </Grid>
</Fragment>
`;
