// Jest Snapshot v1, https://goo.gl/fbAQLP

exports[`PasswordResetCallback renders on the page with no errors 1`] = `
<Fragment>
  <Grid
    centered={true}
    columns={16}
  >
    <GridRow>
      <Header
        size="huge"
      >
        Reset Password
      </Header>
    </GridRow>
    <GridRow>
      <p>
        Enter a new password for your account below.
      </p>
    </GridRow>
    <GridRow>
      <GridColumn
        width={4}
      >
        <Segment
          raised={true}
          secondary={true}
        >
          <Form
            as="form"
            floated="left"
            onSubmit={[Function]}
          >
            <FormInput
              as={[Function]}
              control={[Function]}
              error={null}
              icon="lock"
              iconPosition="left"
              onChange={[Function]}
              placeholder="Password"
              required={true}
              type="password"
            />
            <FormInput
              as={[Function]}
              control={[Function]}
              error={null}
              icon="lock"
              iconPosition="left"
              onChange={[Function]}
              placeholder="Password"
              required={true}
              type="password"
            />
            <FormButton
              as={[Function]}
              control={[Function]}
              primary={true}
              type="submit"
            >
              Set Password
            </FormButton>
          </Form>
        </Segment>
      </GridColumn>
    </GridRow>
  </Grid>
</Fragment>
`;
