// Jest Snapshot v1, https://goo.gl/fbAQLP

exports[`NotFound renders on the page with no errors 1`] = `
<Grid
  centered={true}
>
  <GridRow>
    <Image
      as="img"
      src={Object {}}
      ui={true}
    />
  </GridRow>
  <GridRow>
    <Header
      size="huge"
    >
      Sorry, the page you're looking for doesn't exist.
    </Header>
  </GridRow>
</Grid>
`;
