// Jest Snapshot v1, https://goo.gl/fbAQLP

exports[`LoginCallback renders on the page with no errors 1`] = `
<CookiesProvider>
  <MemoryRouter
    initialEntries={
      Array [
        Object {
          "key": "123456",
          "pathname": "/login/google/callback",
          "search": "?state=1234&code=5678",
        },
      ]
    }
  >
    <Router
      history={
        Object {
          "action": "POP",
          "block": [Function],
          "canGo": [Function],
          "createHref": [Function],
          "entries": Array [
            Object {
              "hash": "",
              "key": "123456",
              "pathname": "/login/google/callback",
              "search": "?state=1234&code=5678",
            },
          ],
          "go": [Function],
          "goBack": [Function],
          "goForward": [Function],
          "index": 0,
          "length": 1,
          "listen": [Function],
          "location": Object {
            "hash": "",
            "key": "123456",
            "pathname": "/login/google/callback",
            "search": "?state=1234&code=5678",
          },
          "push": [Function],
          "replace": [Function],
        }
      }
    >
      <Switch>
        <Route
          component={[Function]}
          computedMatch={
            Object {
              "isExact": true,
              "params": Object {
                "service": "google",
              },
              "path": "/login/:service/callback",
              "url": "/login/google/callback",
            }
          }
          location={
            Object {
              "hash": "",
              "key": "123456",
              "pathname": "/login/google/callback",
              "search": "?state=1234&code=5678",
            }
          }
          path="/login/:service/callback"
        >
          <withCookies(Component)
            history={
              Object {
                "action": "POP",
                "block": [Function],
                "canGo": [Function],
                "createHref": [Function],
                "entries": Array [
                  Object {
                    "hash": "",
                    "key": "123456",
                    "pathname": "/login/google/callback",
                    "search": "?state=1234&code=5678",
                  },
                ],
                "go": [Function],
                "goBack": [Function],
                "goForward": [Function],
                "index": 0,
                "length": 1,
                "listen": [Function],
                "location": Object {
                  "hash": "",
                  "key": "123456",
                  "pathname": "/login/google/callback",
                  "search": "?state=1234&code=5678",
                },
                "push": [Function],
                "replace": [Function],
              }
            }
            location={
              Object {
                "hash": "",
                "key": "123456",
                "pathname": "/login/google/callback",
                "search": "?state=1234&code=5678",
              }
            }
            match={
              Object {
                "isExact": true,
                "params": Object {
                  "service": "google",
                },
                "path": "/login/:service/callback",
                "url": "/login/google/callback",
              }
            }
          >
            <LoginCallback
              allCookies={Object {}}
              cookies={
                Cookies {
                  "HAS_DOCUMENT_COOKIE": true,
                  "changeListeners": Array [
                    [Function],
                  ],
                  "cookies": Object {},
                  "hooks": undefined,
                }
              }
              history={
                Object {
                  "action": "POP",
                  "block": [Function],
                  "canGo": [Function],
                  "createHref": [Function],
                  "entries": Array [
                    Object {
                      "hash": "",
                      "key": "123456",
                      "pathname": "/login/google/callback",
                      "search": "?state=1234&code=5678",
                    },
                  ],
                  "go": [Function],
                  "goBack": [Function],
                  "goForward": [Function],
                  "index": 0,
                  "length": 1,
                  "listen": [Function],
                  "location": Object {
                    "hash": "",
                    "key": "123456",
                    "pathname": "/login/google/callback",
                    "search": "?state=1234&code=5678",
                  },
                  "push": [Function],
                  "replace": [Function],
                }
              }
              location={
                Object {
                  "hash": "",
                  "key": "123456",
                  "pathname": "/login/google/callback",
                  "search": "?state=1234&code=5678",
                }
              }
              match={
                Object {
                  "isExact": true,
                  "params": Object {
                    "service": "google",
                  },
                  "path": "/login/:service/callback",
                  "url": "/login/google/callback",
                }
              }
            >
              <Loader
                content="Logging in..."
              >
                <div
                  className="ui text loader"
                >
                  Logging in...
                </div>
              </Loader>
            </LoginCallback>
          </withCookies(Component)>
        </Route>
      </Switch>
    </Router>
  </MemoryRouter>
</CookiesProvider>
`;
