// Jest Snapshot v1, https://goo.gl/fbAQLP

exports[`The MissionControl container renders on the page with no errors 1`] = `
<MissionControl
  location={
    Object {
      "state": Object {
        "readOnly": false,
      },
    }
  }
  store={
    Object {
      "dispatch": [MockFunction] {
        "calls": Array [
          Array [
            Object {
              "payload": Promise {},
              "type": "FETCH_TAGS",
            },
          ],
        ],
        "results": Array [
          Object {
            "type": "return",
            "value": Promise {},
          },
        ],
      },
      "getState": [Function],
      "replaceReducer": [Function],
      "subscribe": [Function],
      Symbol(observable): [Function],
    }
  }
>
  <Grid>
    <div
      className="ui grid"
    >
      <GridRow>
        <div
          className="row"
        >
          <GridColumn
            width={3}
          >
            <div
              className="three wide column"
            >
              <GridRow>
                <div
                  className="row"
                >
                  <Segment
                    basic={true}
                    compact={true}
                  >
                    <div
                      className="ui basic compact segment"
                    >
                      <Component
                        location={
                          Object {
                            "state": Object {
                              "readOnly": false,
                            },
                          }
                        }
                      >
                        <div />
                      </Component>
                    </div>
                  </Segment>
                </div>
              </GridRow>
              <Divider>
                <div
                  className="ui divider"
                />
              </Divider>
              <GridRow>
                <div
                  className="row"
                >
                  <Header
                    as="h2"
                    textAlign="center"
                  >
                    <h2
                      className="ui center aligned header"
                    >
                      <FormattedMessage
                        defaultMessage="Tags"
                        id="app.mission_control.tags"
                        values={Object {}}
                      >
                        <span>
                          Tags
                        </span>
                      </FormattedMessage>
                    </h2>
                  </Header>
                  <withCookies(Component)>
                    <InjectIntl(Connect(ProgramTags))
                      allCookies={Object {}}
                      cookies={
                        Cookies {
                          "HAS_DOCUMENT_COOKIE": true,
                          "changeListeners": Array [
                            [Function],
                          ],
                          "cookies": Object {},
                          "hooks": undefined,
                        }
                      }
                    >
                      <Connect(ProgramTags)
                        allCookies={Object {}}
                        cookies={
                          Cookies {
                            "HAS_DOCUMENT_COOKIE": true,
                            "changeListeners": Array [
                              [Function],
                            ],
                            "cookies": Object {},
                            "hooks": undefined,
                          }
                        }
                        intl={
                          Object {
                            "defaultFormats": Object {},
                            "defaultLocale": "en",
                            "formatDate": [Function],
                            "formatHTMLMessage": [Function],
                            "formatMessage": [Function],
                            "formatNumber": [Function],
                            "formatPlural": [Function],
                            "formatRelative": [Function],
                            "formatTime": [Function],
                            "formats": Object {},
                            "formatters": Object {
                              "getDateTimeFormat": [Function],
                              "getMessageFormat": [Function],
                              "getNumberFormat": [Function],
                              "getPluralFormat": [Function],
                              "getRelativeFormat": [Function],
                            },
                            "locale": "en",
                            "messages": Object {},
                            "now": [Function],
                            "onError": [Function],
                            "textComponent": "span",
                            "timeZone": null,
                          }
                        }
                      >
                        <ProgramTags
                          allCookies={Object {}}
                          changeProgramTags={[Function]}
                          code={
                            Object {
                              "jsCode": "testcode",
                              "tags": Array [],
                            }
                          }
                          cookies={
                            Cookies {
                              "HAS_DOCUMENT_COOKIE": true,
                              "changeListeners": Array [
                                [Function],
                              ],
                              "cookies": Object {},
                              "hooks": undefined,
                            }
                          }
                          fetchTags={[Function]}
                          intl={
                            Object {
                              "defaultFormats": Object {},
                              "defaultLocale": "en",
                              "formatDate": [Function],
                              "formatHTMLMessage": [Function],
                              "formatMessage": [Function],
                              "formatNumber": [Function],
                              "formatPlural": [Function],
                              "formatRelative": [Function],
                              "formatTime": [Function],
                              "formats": Object {},
                              "formatters": Object {
                                "getDateTimeFormat": [Function],
                                "getMessageFormat": [Function],
                                "getNumberFormat": [Function],
                                "getPluralFormat": [Function],
                                "getRelativeFormat": [Function],
                              },
                              "locale": "en",
                              "messages": Object {},
                              "now": [Function],
                              "onError": [Function],
                              "textComponent": "span",
                              "timeZone": null,
                            }
                          }
                          tag={
                            Object {
                              "error": null,
                              "isFetching": false,
                              "tags": Array [],
                            }
                          }
                        >
                          <Grid
                            centered={true}
                            container={true}
                          >
                            <div
                              className="ui centered container grid"
                            >
                              <GridRow>
                                <div
                                  className="row"
                                >
                                  <Dropdown
                                    additionLabel="Add "
                                    additionPosition="top"
                                    allowAdditions={true}
                                    closeOnBlur={true}
                                    closeOnChange={true}
                                    closeOnEscape={true}
                                    deburr={false}
                                    fluid={true}
                                    icon="dropdown"
                                    minCharacters={1}
                                    multiple={true}
                                    noResultsMessage="No results found."
                                    onAddItem={[Function]}
                                    onChange={[Function]}
                                    openOnFocus={true}
                                    options={Array []}
                                    placeholder="Add tags..."
                                    renderLabel={[Function]}
                                    search={true}
                                    searchInput="text"
                                    selectOnBlur={true}
                                    selectOnNavigation={true}
                                    selection={true}
                                    value={Array []}
                                    wrapSelection={true}
                                  >
                                    <Ref
                                      innerRef={
                                        Object {
                                          "current": <div
                                            aria-expanded="false"
                                            class="ui fluid multiple search selection dropdown"
                                            role="combobox"
                                          >
                                            <input
                                              aria-autocomplete="list"
                                              autocomplete="off"
                                              class="search"
                                              tabindex="0"
                                              type="text"
                                              value=""
                                            />
                                            <span
                                              class="sizer"
                                            />
                                            <div
                                              aria-atomic="true"
                                              aria-live="polite"
                                              class="default text"
                                              role="alert"
                                            >
                                              Add tags...
                                            </div>
                                            <i
                                              aria-hidden="true"
                                              class="dropdown icon"
                                            />
                                            <div
                                              aria-multiselectable="true"
                                              class="menu transition"
                                              role="listbox"
                                            >
                                              <div
                                                class="message"
                                              >
                                                No results found.
                                              </div>
                                            </div>
                                          </div>,
                                        }
                                      }
                                    >
                                      <RefFindNode
                                        innerRef={
                                          Object {
                                            "current": <div
                                              aria-expanded="false"
                                              class="ui fluid multiple search selection dropdown"
                                              role="combobox"
                                            >
                                              <input
                                                aria-autocomplete="list"
                                                autocomplete="off"
                                                class="search"
                                                tabindex="0"
                                                type="text"
                                                value=""
                                              />
                                              <span
                                                class="sizer"
                                              />
                                              <div
                                                aria-atomic="true"
                                                aria-live="polite"
                                                class="default text"
                                                role="alert"
                                              >
                                                Add tags...
                                              </div>
                                              <i
                                                aria-hidden="true"
                                                class="dropdown icon"
                                              />
                                              <div
                                                aria-multiselectable="true"
                                                class="menu transition"
                                                role="listbox"
                                              >
                                                <div
                                                  class="message"
                                                >
                                                  No results found.
                                                </div>
                                              </div>
                                            </div>,
                                          }
                                        }
                                      >
                                        <div
                                          aria-expanded={false}
                                          className="ui fluid multiple search selection dropdown"
                                          onBlur={[Function]}
                                          onChange={[Function]}
                                          onClick={[Function]}
                                          onFocus={[Function]}
                                          onMouseDown={[Function]}
                                          role="combobox"
                                        >
                                          <Ref
                                            innerRef={
                                              Object {
                                                "current": <input
                                                  aria-autocomplete="list"
                                                  autocomplete="off"
                                                  class="search"
                                                  tabindex="0"
                                                  type="text"
                                                  value=""
                                                />,
                                              }
                                            }
                                          >
                                            <RefFindNode
                                              innerRef={
                                                Object {
                                                  "current": <input
                                                    aria-autocomplete="list"
                                                    autocomplete="off"
                                                    class="search"
                                                    tabindex="0"
                                                    type="text"
                                                    value=""
                                                  />,
                                                }
                                              }
                                            >
                                              <DropdownSearchInput
                                                autoComplete="off"
                                                key="text"
                                                onChange={[Function]}
                                                style={
                                                  Object {
                                                    "width": undefined,
                                                  }
                                                }
                                                tabIndex={0}
                                                type="text"
                                                value=""
                                              >
                                                <input
                                                  aria-autocomplete="list"
                                                  autoComplete="off"
                                                  className="search"
                                                  onChange={[Function]}
                                                  style={
                                                    Object {
                                                      "width": undefined,
                                                    }
                                                  }
                                                  tabIndex={0}
                                                  type="text"
                                                  value=""
                                                />
                                              </DropdownSearchInput>
                                            </RefFindNode>
                                          </Ref>
                                          <span
                                            className="sizer"
                                          />
                                          <div
                                            aria-atomic={true}
                                            aria-live="polite"
                                            className="default text"
                                            role="alert"
                                          >
                                            Add tags...
                                          </div>
                                          <Icon
                                            as="i"
                                            className=""
                                            name="dropdown"
                                            onClick={[Function]}
                                          >
                                            <i
                                              aria-hidden="true"
                                              className="dropdown icon"
                                              onClick={[Function]}
                                            />
                                          </Icon>
                                          <DropdownMenu
                                            aria-multiselectable={true}
                                            role="listbox"
                                          >
                                            <div
                                              aria-multiselectable={true}
                                              className="menu transition"
                                              role="listbox"
                                            >
                                              <div
                                                className="message"
                                              >
                                                No results found.
                                              </div>
                                            </div>
                                          </DropdownMenu>
                                        </div>
                                      </RefFindNode>
                                    </Ref>
                                  </Dropdown>
                                </div>
                              </GridRow>
                              <GridRow>
                                <div
                                  className="row"
                                >
                                  <Button
                                    as="button"
                                    disabled={true}
                                    onClick={[Function]}
                                    primary={true}
                                  >
                                    <Ref
                                      innerRef={
                                        Object {
                                          "current": <button
                                            class="ui primary disabled button"
                                            disabled=""
                                            tabindex="-1"
                                          >
                                            <span>
                                              Save
                                            </span>
                                          </button>,
                                        }
                                      }
                                    >
                                      <RefFindNode
                                        innerRef={
                                          Object {
                                            "current": <button
                                              class="ui primary disabled button"
                                              disabled=""
                                              tabindex="-1"
                                            >
                                              <span>
                                                Save
                                              </span>
                                            </button>,
                                          }
                                        }
                                      >
                                        <button
                                          className="ui primary disabled button"
                                          disabled={true}
                                          onClick={[Function]}
                                          tabIndex={-1}
                                        >
                                          <FormattedMessage
                                            defaultMessage="Save"
                                            id="app.program_tags.save"
                                            values={Object {}}
                                          >
                                            <span>
                                              Save
                                            </span>
                                          </FormattedMessage>
                                        </button>
                                      </RefFindNode>
                                    </Ref>
                                  </Button>
                                </div>
                              </GridRow>
                            </div>
                          </Grid>
                        </ProgramTags>
                      </Connect(ProgramTags)>
                    </InjectIntl(Connect(ProgramTags))>
                  </withCookies(Component)>
                </div>
              </GridRow>
              <Divider>
                <div
                  className="ui divider"
                />
              </Divider>
              <GridRow>
                <div
                  className="row"
                >
                  <Segment
                    basic={true}
                    compact={true}
                  >
                    <div
                      className="ui basic compact segment"
                    >
                      <Component>
                        <div />
                      </Component>
                    </div>
                  </Segment>
                </div>
              </GridRow>
            </div>
          </GridColumn>
          <GridColumn
            width={10}
          >
            <div
              className="ten wide column"
            >
              <Component
                location={
                  Object {
                    "state": Object {
                      "readOnly": false,
                    },
                  }
                }
              >
                <div />
              </Component>
            </div>
          </GridColumn>
          <GridColumn
            width={3}
          >
            <div
              className="three wide column"
            >
              <GridRow>
                <div
                  className="row"
                >
                  <Header
                    as="h2"
                    textAlign="center"
                  >
                    <h2
                      className="ui center aligned header"
                    >
                      <FormattedMessage
                        defaultMessage="Rovers"
                        id="app.mission_control.rovers"
                        values={Object {}}
                      >
                        <span>
                          Rovers
                        </span>
                      </FormattedMessage>
                    </h2>
                  </Header>
                  <Segment
                    raised={true}
                    style={
                      Object {
                        "margin": "10px",
                        "maxHeight": 200,
                        "overflow": "auto",
                      }
                    }
                  >
                    <div
                      className="ui raised segment"
                      style={
                        Object {
                          "margin": "10px",
                          "maxHeight": 200,
                          "overflow": "auto",
                        }
                      }
                    >
                      <Connect(RoverConnection)>
                        <RoverConnection
                          changeLeftSensorState={[Function]}
                          changeRightSensorState={[Function]}
                          commands={Array []}
                          connectToRover={[Function]}
                          disconnectFromRover={[Function]}
                          isFetching={false}
                          rover={null}
                          rovers={
                            Object {
                              "next": null,
                              "previous": null,
                              "results": Array [],
                            }
                          }
                          scanForRover={[Function]}
                        >
                          <Button
                            as="button"
                            onClick={[Function]}
                            primary={true}
                          >
                            <Ref
                              innerRef={
                                Object {
                                  "current": <button
                                    class="ui primary button"
                                  >
                                    <span>
                                      Connect to rover
                                    </span>
                                  </button>,
                                }
                              }
                            >
                              <RefFindNode
                                innerRef={
                                  Object {
                                    "current": <button
                                      class="ui primary button"
                                    >
                                      <span>
                                        Connect to rover
                                      </span>
                                    </button>,
                                  }
                                }
                              >
                                <button
                                  className="ui primary button"
                                  onClick={[Function]}
                                >
                                  <FormattedMessage
                                    defaultMessage="Connect to rover"
                                    id="app.rover_list.connect"
                                    values={Object {}}
                                  >
                                    <span>
                                      Connect to rover
                                    </span>
                                  </FormattedMessage>
                                </button>
                              </RefFindNode>
                            </Ref>
                          </Button>
                        </RoverConnection>
                      </Connect(RoverConnection)>
                    </div>
                  </Segment>
                </div>
              </GridRow>
              <Divider>
                <div
                  className="ui divider"
                />
              </Divider>
              <GridRow>
                <div
                  className="row"
                >
                  <Header
                    as="h2"
                    textAlign="center"
                  >
                    <h2
                      className="ui center aligned header"
                    >
                      <FormattedMessage
                        defaultMessage="Sensors"
                        id="app.mission_control.sensors"
                        values={Object {}}
                      >
                        <span>
                          Sensors
                        </span>
                      </FormattedMessage>
                    </h2>
                  </Header>
                  <Segment
                    raised={true}
                    style={
                      Object {
                        "margin": "10px",
                      }
                    }
                  >
                    <div
                      className="ui raised segment"
                      style={
                        Object {
                          "margin": "10px",
                        }
                      }
                    >
                      <Component>
                        <div />
                      </Component>
                    </div>
                  </Segment>
                </div>
              </GridRow>
              <Divider>
                <div
                  className="ui divider"
                />
              </Divider>
              <GridRow>
                <div
                  className="row"
                >
                  <Header
                    as="h2"
                    textAlign="center"
                  >
                    <h2
                      className="ui center aligned header"
                    >
                      <FormattedMessage
                        defaultMessage="Debug Console"
                        id="app.mission_control.console"
                        values={Object {}}
                      >
                        <span>
                          Debug Console
                        </span>
                      </FormattedMessage>
                    </h2>
                  </Header>
                  <Segment
                    style={
                      Object {
                        "margin": "10px",
                      }
                    }
                  >
                    <div
                      className="ui segment"
                      style={
                        Object {
                          "margin": "10px",
                        }
                      }
                    >
                      <Component>
                        <div />
                      </Component>
                    </div>
                  </Segment>
                </div>
              </GridRow>
            </div>
          </GridColumn>
        </div>
      </GridRow>
    </div>
  </Grid>
</MissionControl>
`;
