// Jest Snapshot v1, https://goo.gl/fbAQLP

exports[`The MissionControl container renders on the page with no errors 1`] = `
<MissionControl
  store={
    Object {
      "clearActions": [Function],
      "dispatch": [MockFunction],
      "getActions": [Function],
      "getState": [Function],
      "replaceReducer": [Function],
      "subscribe": [Function],
    }
  }
>
  <Grid
    columns={16}
    divided={true}
    style={
      Object {
        "height": "100vh",
      }
    }
  >
    <div
      className="ui divided sixteen column grid"
      style={
        Object {
          "height": "100vh",
        }
      }
    >
      <GridRow>
        <div
          className="row"
        >
          <GridColumn
            width={6}
          >
            <div
              className="six wide column"
            >
              <Component>
                <div />
              </Component>
            </div>
          </GridColumn>
          <GridColumn
            width={6}
          >
            <div
              className="six wide column"
            >
              <GridRow>
                <div
                  className="row"
                >
                  <Component>
                    <div />
                  </Component>
                </div>
              </GridRow>
              <hr />
              <GridRow>
                <div
                  className="row"
                >
                  <Component>
                    <div />
                  </Component>
                </div>
              </GridRow>
              <hr />
              <GridRow>
                <div
                  className="row"
                >
                  <Component>
                    <div />
                  </Component>
                </div>
              </GridRow>
              <hr />
              <GridRow>
                <div
                  className="row"
                >
                  <Link
                    replace={false}
                    to="/"
                  >
                    <a
                      href="/"
                      onClick={[Function]}
                    >
                      <Button
                        as="button"
                        role="button"
                      >
                        <button
                          className="ui button"
                          onClick={[Function]}
                          role="button"
                        >
                          Home
                        </button>
                      </Button>
                    </a>
                  </Link>
                </div>
              </GridRow>
            </div>
          </GridColumn>
          <GridColumn
            width={4}
          >
            <div
              className="four wide column"
            >
              <GridRow>
                <div
                  className="row"
                >
                  <Component>
                    <div />
                  </Component>
                </div>
              </GridRow>
              <GridRow>
                <div
                  className="row"
                >
                  <Component>
                    <div />
                  </Component>
                </div>
              </GridRow>
            </div>
          </GridColumn>
        </div>
      </GridRow>
    </div>
  </Grid>
</MissionControl>
`;
