// Jest Snapshot v1, https://goo.gl/fbAQLP

exports[`The ConfirmDialog component renders on the page with no errors 1`] = `
<WithStyles(ForwardRef(Dialog))
  aria-labelledby="confirm-dialog"
  onClose={[MockFunction]}
  open={true}
>
  <WithStyles(ForwardRef(DialogTitle))
    id="confirm-dialog"
  >
    Testing
  </WithStyles(ForwardRef(DialogTitle))>
  <WithStyles(ForwardRef(DialogContent))>
    Testing
  </WithStyles(ForwardRef(DialogContent))>
  <WithStyles(ForwardRef(DialogActions))>
    <WithStyles(ForwardRef(Button))
      color="default"
      onClick={[MockFunction]}
      variant="contained"
    >
      Yes
    </WithStyles(ForwardRef(Button))>
    <WithStyles(ForwardRef(Button))
      color="primary"
      onClick={[MockFunction]}
      variant="contained"
    >
      No
    </WithStyles(ForwardRef(Button))>
  </WithStyles(ForwardRef(DialogActions))>
</WithStyles(ForwardRef(Dialog))>
`;
