// Jest Snapshot v1, https://goo.gl/fbAQLP

exports[`The Console component renders on the page with no errors 1`] = `
<Connect(Console)
  store={
    Object {
      "clearActions": [Function],
      "dispatch": [MockFunction],
      "getActions": [Function],
      "getState": [Function],
      "replaceReducer": [Function],
      "subscribe": [Function],
    }
  }
>
  <Console
    clear={[Function]}
    console={
      Object {
        "messages": Array [
          "first",
          "second",
        ],
      }
    }
    store={
      Object {
        "clearActions": [Function],
        "dispatch": [MockFunction],
        "getActions": [Function],
        "getState": [Function],
        "replaceReducer": [Function],
        "subscribe": [Function],
      }
    }
  >
    <div
      style={
        Object {
          "height": "200px",
          "overflow": "scroll",
        }
      }
    >
      <p
        key="0"
      >
        &gt;&gt; first
      </p>
      <p
        key="1"
      >
        &gt;&gt; second
      </p>
      <div />
    </div>
    <Button
      as="button"
      onClick={[Function]}
      primary={true}
      style={
        Object {
          "marginTop": "10px",
        }
      }
    >
      <Ref
        innerRef={
          Object {
            "current": <button
              class="ui primary button"
              style="margin-top: 10px;"
            >
              Clear
            </button>,
          }
        }
      >
        <RefFindNode
          innerRef={
            Object {
              "current": <button
                class="ui primary button"
                style="margin-top: 10px;"
              >
                Clear
              </button>,
            }
          }
        >
          <button
            className="ui primary button"
            onClick={[Function]}
            style={
              Object {
                "marginTop": "10px",
              }
            }
          >
            <FormattedMessage
              defaultMessage="Clear"
              id="app.console.clear"
              values={Object {}}
            >
              Clear
            </FormattedMessage>
          </button>
        </RefFindNode>
      </Ref>
    </Button>
  </Console>
</Connect(Console)>
`;
