// Jest Snapshot v1, https://goo.gl/fbAQLP

exports[`The Control component renders on the page with no errors 1`] = `
<Connect(Control)
  store={
    Object {
      "clearActions": [Function],
      "dispatch": [MockFunction],
      "getActions": [Function],
      "getState": [Function],
      "replaceReducer": [Function],
      "subscribe": [Function],
    }
  }
>
  <Control
    changeExecutionState={[Function]}
    code={
      Object {
        "execution": 3,
      }
    }
    store={
      Object {
        "clearActions": [Function],
        "dispatch": [MockFunction],
        "getActions": [Function],
        "getState": [Function],
        "replaceReducer": [Function],
        "subscribe": [Function],
      }
    }
  >
    <Button
      animated="vertical"
      as="button"
      color="green"
      onClick={[Function]}
      onMouseDown={[Function]}
      size="huge"
    >
      <Ref
        innerRef={
          Object {
            "current": <button
              class="ui green huge vertical animated button"
            >
              <div
                class="hidden content"
              >
                Run
              </div>
              <div
                class="visible content"
              >
                <i
                  aria-hidden="true"
                  class="play icon"
                />
              </div>
            </button>,
          }
        }
      >
        <RefFindNode
          innerRef={
            Object {
              "current": <button
                class="ui green huge vertical animated button"
              >
                <div
                  class="hidden content"
                >
                  Run
                </div>
                <div
                  class="visible content"
                >
                  <i
                    aria-hidden="true"
                    class="play icon"
                  />
                </div>
              </button>,
            }
          }
        >
          <button
            className="ui green huge vertical animated button"
            onClick={[Function]}
            onMouseDown={[Function]}
          >
            <ButtonContent
              hidden={true}
            >
              <div
                className="hidden content"
              >
                <FormattedMessage
                  defaultMessage="Run"
                  id="app.control.run"
                  values={Object {}}
                >
                  Run
                </FormattedMessage>
              </div>
            </ButtonContent>
            <ButtonContent
              visible={true}
            >
              <div
                className="visible content"
              >
                <Icon
                  as="i"
                  name="play"
                >
                  <i
                    aria-hidden="true"
                    className="play icon"
                    onClick={[Function]}
                  />
                </Icon>
              </div>
            </ButtonContent>
          </button>
        </RefFindNode>
      </Ref>
    </Button>
    <Button
      animated="vertical"
      as="button"
      color="yellow"
      onClick={[Function]}
      onMouseDown={[Function]}
      style={
        Object {
          "verticalAlign": "bottom",
        }
      }
    >
      <Ref
        innerRef={
          Object {
            "current": <button
              class="ui yellow vertical animated button"
              style="vertical-align: bottom;"
            >
              <div
                class="hidden content"
              >
                Step
              </div>
              <div
                class="visible content"
              >
                <i
                  aria-hidden="true"
                  class="step forward icon"
                />
              </div>
            </button>,
          }
        }
      >
        <RefFindNode
          innerRef={
            Object {
              "current": <button
                class="ui yellow vertical animated button"
                style="vertical-align: bottom;"
              >
                <div
                  class="hidden content"
                >
                  Step
                </div>
                <div
                  class="visible content"
                >
                  <i
                    aria-hidden="true"
                    class="step forward icon"
                  />
                </div>
              </button>,
            }
          }
        >
          <button
            className="ui yellow vertical animated button"
            onClick={[Function]}
            onMouseDown={[Function]}
            style={
              Object {
                "verticalAlign": "bottom",
              }
            }
          >
            <ButtonContent
              hidden={true}
            >
              <div
                className="hidden content"
              >
                <FormattedMessage
                  defaultMessage="Step"
                  id="app.control.step"
                  values={Object {}}
                >
                  Step
                </FormattedMessage>
              </div>
            </ButtonContent>
            <ButtonContent
              visible={true}
            >
              <div
                className="visible content"
              >
                <Icon
                  as="i"
                  name="step forward"
                >
                  <i
                    aria-hidden="true"
                    className="step forward icon"
                    onClick={[Function]}
                  />
                </Icon>
              </div>
            </ButtonContent>
          </button>
        </RefFindNode>
      </Ref>
    </Button>
    <Button
      animated="vertical"
      as="button"
      color="blue"
      onClick={[Function]}
      onMouseDown={[Function]}
      style={
        Object {
          "verticalAlign": "bottom",
        }
      }
    >
      <Ref
        innerRef={
          Object {
            "current": <button
              class="ui blue vertical animated button"
              style="vertical-align: bottom;"
            >
              <div
                class="hidden content"
              >
                Reset
              </div>
              <div
                class="visible content"
              >
                <i
                  aria-hidden="true"
                  class="repeat icon"
                />
              </div>
            </button>,
          }
        }
      >
        <RefFindNode
          innerRef={
            Object {
              "current": <button
                class="ui blue vertical animated button"
                style="vertical-align: bottom;"
              >
                <div
                  class="hidden content"
                >
                  Reset
                </div>
                <div
                  class="visible content"
                >
                  <i
                    aria-hidden="true"
                    class="repeat icon"
                  />
                </div>
              </button>,
            }
          }
        >
          <button
            className="ui blue vertical animated button"
            onClick={[Function]}
            onMouseDown={[Function]}
            style={
              Object {
                "verticalAlign": "bottom",
              }
            }
          >
            <ButtonContent
              hidden={true}
            >
              <div
                className="hidden content"
              >
                <FormattedMessage
                  defaultMessage="Reset"
                  id="app.control.reset"
                  values={Object {}}
                >
                  Reset
                </FormattedMessage>
              </div>
            </ButtonContent>
            <ButtonContent
              visible={true}
            >
              <div
                className="visible content"
              >
                <Icon
                  as="i"
                  name="repeat"
                >
                  <i
                    aria-hidden="true"
                    className="repeat icon"
                    onClick={[Function]}
                  />
                </Icon>
              </div>
            </ButtonContent>
          </button>
        </RefFindNode>
      </Ref>
    </Button>
  </Control>
</Connect(Control)>
`;
