// Jest Snapshot v1, https://goo.gl/fbAQLP

exports[`The Credential component renders on the page with no errors 1`] = `
<Modal
  centered={true}
  closeOnDimmerClick={true}
  closeOnDocumentClick={false}
  dimmer={true}
  eventPool="Modal"
  onClose={[Function]}
  open={false}
  trigger={
    <Button
      as="button"
      onClick={[Function]}
    >
      <Icon
        as="i"
        name="download"
      />
      <FormattedMessage
        defaultMessage="Download Credentials"
        id="app.credential.open"
        values={Object {}}
      />
    </Button>
  }
>
  <ModalHeader>
    <FormattedMessage
      defaultMessage="Enter WiFi Credentials"
      id="app.credential.header"
      values={Object {}}
    />
  </ModalHeader>
  <ModalContent>
    <p>
      <FormattedMessage
        defaultMessage="The credentials entered are only used for the configuration file for the rover. This information does not leave the local browser and is not sent to the server."
        id="app.credential.description"
        values={Object {}}
      />
    </p>
    <Form
      as="form"
      id="apForm"
      onSubmit={[Function]}
    >
      <FormInput
        as={[Function]}
        control={[Function]}
        inline={true}
        label="Network Name:"
        onChange={[Function]}
        required={true}
      />
      <FormInput
        as={[Function]}
        control={[Function]}
        inline={true}
        label="Network Password:"
        onChange={[Function]}
        required={true}
        type="password"
      />
    </Form>
  </ModalContent>
  <ModalActions>
    <Button
      as="button"
      form="apForm"
      primary={true}
      type="submit"
    >
      <FormattedMessage
        defaultMessage="Download"
        id="app.credential.download"
        values={Object {}}
      />
    </Button>
    <Button
      as="button"
      onClick={[Function]}
    >
      <FormattedMessage
        defaultMessage="Cancel"
        id="app.credential.cancel"
        values={Object {}}
      />
    </Button>
  </ModalActions>
</Modal>
`;
