// Jest Snapshot v1, https://goo.gl/fbAQLP

exports[`The ProgramCollection component renders on the page with no errors 1`] = `
<Fragment>
  <Grid>
    <GridRow>
      <GridColumn
        width={2}
      />
      <GridColumn
        width={4}
      >
        <Input
          className="prompt"
          icon="search"
          onChange={[Function]}
          placeholder="Search..."
          type="text"
        />
      </GridColumn>
      <GridColumn
        width={4}
      >
        <Header
          as="h1"
          textAlign="center"
        >
          My Programs
        </Header>
      </GridColumn>
      <GridColumn
        width={1}
      />
      <GridColumn
        floated="right"
        width={2}
      >
        <Dropdown
          additionLabel="Add "
          additionPosition="top"
          button={true}
          className="icon"
          closeOnBlur={true}
          closeOnEscape={true}
          deburr={false}
          floating={true}
          icon="sort"
          labeled={true}
          minCharacters={1}
          noResultsMessage="No results found."
          openOnFocus={true}
          renderLabel={[Function]}
          searchInput="text"
          selectOnBlur={true}
          selectOnNavigation={true}
          text="Sort"
          wrapSelection={true}
        >
          <DropdownMenu>
            <DropdownItem
              name="name"
              onClick={[Function]}
            >
              <FormattedMessage
                defaultMessage="Name"
                id="app.program_collection.name"
                values={Object {}}
              />
              <Icon
                as="i"
                name="caret down"
              />
            </DropdownItem>
          </DropdownMenu>
        </Dropdown>
      </GridColumn>
      <GridColumn
        width={3}
      >
        <Dropdown
          additionLabel="Add "
          additionPosition="top"
          closeOnBlur={true}
          closeOnEscape={true}
          deburr={false}
          icon="dropdown"
          minCharacters={1}
          multiple={true}
          noResultsMessage="No results found."
          onChange={[Function]}
          openOnFocus={true}
          options={Array []}
          placeholder="Tag filters..."
          renderLabel={[Function]}
          scrolling={true}
          searchInput="text"
          selectOnBlur={true}
          selectOnNavigation={true}
          selection={true}
          value={Array []}
          wrapSelection={true}
        />
      </GridColumn>
    </GridRow>
  </Grid>
  <CardGroup
    centered={true}
  >
    <Card
      key="33"
    >
      <CardContent>
        <CardHeader>
          Unnamed_Design_3
        </CardHeader>
        <CardMeta>
          <FormattedMessage
            defaultMessage="Mine"
            id="app.program_collection.mine"
            values={Object {}}
          />
        </CardMeta>
      </CardContent>
      <CardContent
        extra={true}
      >
        <Button
          as="button"
          data-owned={true}
          id={33}
          onClick={[MockFunction]}
          primary={true}
        >
          <FormattedMessage
            defaultMessage="Keep Working"
            id="app.program_collection.work"
            values={Object {}}
          />
        </Button>
        <Button
          as="button"
          floated="right"
          id={33}
          name="Unnamed_Design_3"
          negative={true}
          onClick={[MockFunction]}
        >
          <FormattedMessage
            defaultMessage="Remove"
            id="app.program_collection.remove"
            values={Object {}}
          />
        </Button>
      </CardContent>
    </Card>
    <Card
      key="5"
    >
      <CardContent>
        <CardHeader>
          Unnamed_Design_2
        </CardHeader>
        <CardMeta>
          testuser
        </CardMeta>
      </CardContent>
      <CardContent
        extra={true}
      >
        <Button
          as="button"
          data-owned={false}
          id={5}
          onClick={[MockFunction]}
          primary={true}
        >
          <FormattedMessage
            defaultMessage="View"
            id="app.program_collection.view"
            values={Object {}}
          />
        </Button>
      </CardContent>
    </Card>
  </CardGroup>
  <Grid
    centered={true}
  >
    <GridRow>
      <WithStyles(ForwardRef(Pagination))
        color="secondary"
        count={2}
        defaultPage={1}
        onChange={[Function]}
        showFirstButton={true}
        showLastButton={true}
      />
    </GridRow>
  </Grid>
</Fragment>
`;
