// Jest Snapshot v1, https://goo.gl/fbAQLP

exports[`The ProgramList component renders on the page with no errors 1`] = `
ShallowWrapper {
  Symbol(enzyme.__root__): [Circular],
  Symbol(enzyme.__unrendered__): <ProgramList
    fetchProgram={[MockFunction]}
    fetchPrograms={
      [MockFunction] {
        "calls": Array [
          Array [
            1,
          ],
        ],
        "results": Array [
          Object {
            "isThrow": false,
            "value": Promise {},
          },
        ],
      }
    }
    programs={
      Object {
        "next": null,
        "previous": null,
        "results": Array [],
      }
    }
    programsIsFetching={false}
    removeProgram={[MockFunction]}
    user={
      Object {
        "user_id": 1,
      }
    }
    userPrograms={
      Object {
        "next": null,
        "previous": null,
        "results": Array [],
      }
    }
    userProgramsIsFetching={false}
  />,
  Symbol(enzyme.__renderer__): Object {
    "batchedUpdates": [Function],
    "checkPropTypes": [Function],
    "getNode": [Function],
    "render": [Function],
    "simulateError": [Function],
    "simulateEvent": [Function],
    "unmount": [Function],
  },
  Symbol(enzyme.__node__): Object {
    "instance": null,
    "key": undefined,
    "nodeType": "function",
    "props": Object {
      "children": Array [
        <Button
          as={[Function]}
          primary={true}
          style={
            Object {
              "marginLeft": "10px",
            }
          }
          to="/mission-control"
        >
          <Icon
            as="i"
            name="plus"
          />
          New Program
        </Button>,
        null,
        <Segment
          raised={true}
          style={
            Object {
              "margin": "10px",
            }
          }
        >
          <Header
            as="h1"
            textAlign="center"
          >
            My Programs
          </Header>
          <CardGroup
            centered={true}
          />
        </Segment>,
        <Segment
          raised={true}
          style={
            Object {
              "margin": "10px",
            }
          }
        >
          <Header
            as="h1"
            textAlign="center"
          >
            Find More
          </Header>
          <CardGroup
            centered={true}
          />
        </Segment>,
        <Confirm
          cancelButton="No"
          confirmButton="Yes"
          content="Are you sure you want to remove null?"
          header="Remove Program"
          onCancel={[Function]}
          onConfirm={[Function]}
          open={false}
          size="small"
        />,
      ],
    },
    "ref": null,
    "rendered": Array [
      Object {
        "instance": null,
        "key": undefined,
        "nodeType": "class",
        "props": Object {
          "as": [Function],
          "children": Array [
            <Icon
              as="i"
              name="plus"
            />,
            "New Program",
          ],
          "primary": true,
          "style": Object {
            "marginLeft": "10px",
          },
          "to": "/mission-control",
        },
        "ref": null,
        "rendered": Array [
          Object {
            "instance": null,
            "key": undefined,
            "nodeType": "class",
            "props": Object {
              "as": "i",
              "name": "plus",
            },
            "ref": null,
            "rendered": null,
            "type": [Function],
          },
          "New Program",
        ],
        "type": [Function],
      },
      null,
      Object {
        "instance": null,
        "key": undefined,
        "nodeType": "function",
        "props": Object {
          "children": Array [
            <Header
              as="h1"
              textAlign="center"
            >
              My Programs
            </Header>,
            <CardGroup
              centered={true}
            />,
          ],
          "raised": true,
          "style": Object {
            "margin": "10px",
          },
        },
        "ref": null,
        "rendered": Array [
          Object {
            "instance": null,
            "key": undefined,
            "nodeType": "function",
            "props": Object {
              "as": "h1",
              "children": "My Programs",
              "textAlign": "center",
            },
            "ref": null,
            "rendered": "My Programs",
            "type": [Function],
          },
          Object {
            "instance": null,
            "key": undefined,
            "nodeType": "function",
            "props": Object {
              "centered": true,
              "children": Array [],
            },
            "ref": null,
            "rendered": Array [],
            "type": [Function],
          },
        ],
        "type": [Function],
      },
      Object {
        "instance": null,
        "key": undefined,
        "nodeType": "function",
        "props": Object {
          "children": Array [
            <Header
              as="h1"
              textAlign="center"
            >
              Find More
            </Header>,
            <CardGroup
              centered={true}
            />,
          ],
          "raised": true,
          "style": Object {
            "margin": "10px",
          },
        },
        "ref": null,
        "rendered": Array [
          Object {
            "instance": null,
            "key": undefined,
            "nodeType": "function",
            "props": Object {
              "as": "h1",
              "children": "Find More",
              "textAlign": "center",
            },
            "ref": null,
            "rendered": "Find More",
            "type": [Function],
          },
          Object {
            "instance": null,
            "key": undefined,
            "nodeType": "function",
            "props": Object {
              "centered": true,
              "children": Array [],
            },
            "ref": null,
            "rendered": Array [],
            "type": [Function],
          },
        ],
        "type": [Function],
      },
      Object {
        "instance": null,
        "key": undefined,
        "nodeType": "class",
        "props": Object {
          "cancelButton": "No",
          "confirmButton": "Yes",
          "content": "Are you sure you want to remove null?",
          "header": "Remove Program",
          "onCancel": [Function],
          "onConfirm": [Function],
          "open": false,
          "size": "small",
        },
        "ref": null,
        "rendered": null,
        "type": [Function],
      },
    ],
    "type": Symbol(react.fragment),
  },
  Symbol(enzyme.__nodes__): Array [
    Object {
      "instance": null,
      "key": undefined,
      "nodeType": "function",
      "props": Object {
        "children": Array [
          <Button
            as={[Function]}
            primary={true}
            style={
              Object {
                "marginLeft": "10px",
              }
            }
            to="/mission-control"
          >
            <Icon
              as="i"
              name="plus"
            />
            New Program
          </Button>,
          null,
          <Segment
            raised={true}
            style={
              Object {
                "margin": "10px",
              }
            }
          >
            <Header
              as="h1"
              textAlign="center"
            >
              My Programs
            </Header>
            <CardGroup
              centered={true}
            />
          </Segment>,
          <Segment
            raised={true}
            style={
              Object {
                "margin": "10px",
              }
            }
          >
            <Header
              as="h1"
              textAlign="center"
            >
              Find More
            </Header>
            <CardGroup
              centered={true}
            />
          </Segment>,
          <Confirm
            cancelButton="No"
            confirmButton="Yes"
            content="Are you sure you want to remove null?"
            header="Remove Program"
            onCancel={[Function]}
            onConfirm={[Function]}
            open={false}
            size="small"
          />,
        ],
      },
      "ref": null,
      "rendered": Array [
        Object {
          "instance": null,
          "key": undefined,
          "nodeType": "class",
          "props": Object {
            "as": [Function],
            "children": Array [
              <Icon
                as="i"
                name="plus"
              />,
              "New Program",
            ],
            "primary": true,
            "style": Object {
              "marginLeft": "10px",
            },
            "to": "/mission-control",
          },
          "ref": null,
          "rendered": Array [
            Object {
              "instance": null,
              "key": undefined,
              "nodeType": "class",
              "props": Object {
                "as": "i",
                "name": "plus",
              },
              "ref": null,
              "rendered": null,
              "type": [Function],
            },
            "New Program",
          ],
          "type": [Function],
        },
        null,
        Object {
          "instance": null,
          "key": undefined,
          "nodeType": "function",
          "props": Object {
            "children": Array [
              <Header
                as="h1"
                textAlign="center"
              >
                My Programs
              </Header>,
              <CardGroup
                centered={true}
              />,
            ],
            "raised": true,
            "style": Object {
              "margin": "10px",
            },
          },
          "ref": null,
          "rendered": Array [
            Object {
              "instance": null,
              "key": undefined,
              "nodeType": "function",
              "props": Object {
                "as": "h1",
                "children": "My Programs",
                "textAlign": "center",
              },
              "ref": null,
              "rendered": "My Programs",
              "type": [Function],
            },
            Object {
              "instance": null,
              "key": undefined,
              "nodeType": "function",
              "props": Object {
                "centered": true,
                "children": Array [],
              },
              "ref": null,
              "rendered": Array [],
              "type": [Function],
            },
          ],
          "type": [Function],
        },
        Object {
          "instance": null,
          "key": undefined,
          "nodeType": "function",
          "props": Object {
            "children": Array [
              <Header
                as="h1"
                textAlign="center"
              >
                Find More
              </Header>,
              <CardGroup
                centered={true}
              />,
            ],
            "raised": true,
            "style": Object {
              "margin": "10px",
            },
          },
          "ref": null,
          "rendered": Array [
            Object {
              "instance": null,
              "key": undefined,
              "nodeType": "function",
              "props": Object {
                "as": "h1",
                "children": "Find More",
                "textAlign": "center",
              },
              "ref": null,
              "rendered": "Find More",
              "type": [Function],
            },
            Object {
              "instance": null,
              "key": undefined,
              "nodeType": "function",
              "props": Object {
                "centered": true,
                "children": Array [],
              },
              "ref": null,
              "rendered": Array [],
              "type": [Function],
            },
          ],
          "type": [Function],
        },
        Object {
          "instance": null,
          "key": undefined,
          "nodeType": "class",
          "props": Object {
            "cancelButton": "No",
            "confirmButton": "Yes",
            "content": "Are you sure you want to remove null?",
            "header": "Remove Program",
            "onCancel": [Function],
            "onConfirm": [Function],
            "open": false,
            "size": "small",
          },
          "ref": null,
          "rendered": null,
          "type": [Function],
        },
      ],
      "type": Symbol(react.fragment),
    },
  ],
  Symbol(enzyme.__options__): Object {
    "adapter": ReactSixteenAdapter {
      "options": Object {
        "enableComponentDidUpdateOnSetState": true,
        "legacyContextMode": "parent",
        "lifecycles": Object {
          "componentDidUpdate": Object {
            "onSetState": true,
          },
          "getChildContext": Object {
            "calledByRenderer": false,
          },
          "getDerivedStateFromProps": true,
          "getSnapshotBeforeUpdate": true,
          "setState": Object {
            "skipsComponentDidUpdateOnNullish": true,
          },
        },
      },
    },
  },
}
`;
