// Jest Snapshot v1, https://goo.gl/fbAQLP

exports[`The ProgramCollection component renders on the page with no errors 1`] = `
<Fragment>
  <Grid
    centered={true}
    columns={5}
  >
    <GridRow>
      <GridColumn />
      <GridColumn />
      <GridColumn>
        <Header
          as="h1"
          textAlign="center"
        >
          My Programs
        </Header>
      </GridColumn>
      <GridColumn
        textAlign="right"
      >
        <Input
          className="prompt"
          icon="search"
          onChange={[Function]}
          placeholder="Search..."
          type="text"
        />
      </GridColumn>
      <GridColumn>
        <Dropdown
          additionLabel="Add "
          additionPosition="top"
          button={true}
          className="icon"
          closeOnBlur={true}
          deburr={false}
          floating={true}
          icon="sort"
          labeled={true}
          minCharacters={1}
          noResultsMessage="No results found."
          openOnFocus={true}
          renderLabel={[Function]}
          searchInput="text"
          selectOnBlur={true}
          selectOnNavigation={true}
          text="Sort"
          wrapSelection={true}
        >
          <DropdownMenu>
            <DropdownItem
              name="name"
              onClick={[Function]}
            >
              Name
              <Icon
                as="i"
                name="caret down"
              />
            </DropdownItem>
          </DropdownMenu>
        </Dropdown>
      </GridColumn>
    </GridRow>
  </Grid>
  <CardGroup
    centered={true}
  >
    <Card
      key="33"
    >
      <CardContent>
        <CardHeader>
          Unnamed_Design_3
        </CardHeader>
        <CardMeta>
          Mine
        </CardMeta>
      </CardContent>
      <CardContent
        extra={true}
      >
        <Button
          as="button"
          data-owned={true}
          id={33}
          onClick={[MockFunction]}
          primary={true}
        >
          Keep Working
        </Button>
        <Button
          as="button"
          floated="right"
          id={33}
          name="Unnamed_Design_3"
          negative={true}
          onClick={[MockFunction]}
        >
          Remove
        </Button>
      </CardContent>
    </Card>
    <Card
      key="5"
    >
      <CardContent>
        <CardHeader>
          Unnamed_Design_2
        </CardHeader>
        <CardMeta>
          Mine
        </CardMeta>
      </CardContent>
      <CardContent
        extra={true}
      >
        <Button
          as="button"
          data-owned={true}
          id={5}
          onClick={[MockFunction]}
          primary={true}
        >
          Keep Working
        </Button>
        <Button
          as="button"
          floated="right"
          id={5}
          name="Unnamed_Design_2"
          negative={true}
          onClick={[MockFunction]}
        >
          Remove
        </Button>
      </CardContent>
    </Card>
  </CardGroup>
  <Grid
    centered={true}
  >
    <GridRow>
      <CustomPagination
        defaultActivePage={1}
        onPageChange={[Function]}
        totalPages={2}
      />
    </GridRow>
  </Grid>
</Fragment>
`;
