// Jest Snapshot v1, https://goo.gl/fbAQLP

exports[`The ProgramList component renders on the page with no errors 1`] = `
ShallowWrapper {
  Symbol(enzyme.__root__): [Circular],
  Symbol(enzyme.__unrendered__): <ProgramList
    fetchProgram={[MockFunction]}
    fetchPrograms={
      [MockFunction] {
        "calls": Array [
          Array [
            1,
          ],
        ],
        "results": Array [
          Object {
            "isThrow": false,
            "value": Promise {},
          },
        ],
      }
    }
    programs={null}
    removeProgram={[MockFunction]}
    user={
      Object {
        "user_id": 1,
      }
    }
    userPrograms={null}
  />,
  Symbol(enzyme.__renderer__): Object {
    "batchedUpdates": [Function],
    "checkPropTypes": [Function],
    "getNode": [Function],
    "render": [Function],
    "simulateError": [Function],
    "simulateEvent": [Function],
    "unmount": [Function],
  },
  Symbol(enzyme.__node__): Object {
    "instance": null,
    "key": undefined,
    "nodeType": "function",
    "props": Object {
      "children": Array [
        <Button
          as={[Function]}
          primary={true}
          style={
            Object {
              "marginLeft": "10px",
            }
          }
          to="/mission-control"
        >
          <Icon
            as="i"
            name="plus"
          />
          New Program
        </Button>,
        null,
        <Loader
          active={true}
        />,
        <Loader
          active={true}
        />,
        <Confirm
          cancelButton="No"
          confirmButton="Yes"
          content="Are you sure you want to remove null?"
          header="Remove Program"
          onCancel={[Function]}
          onConfirm={[Function]}
          open={false}
          size="small"
        />,
      ],
    },
    "ref": null,
    "rendered": Array [
      Object {
        "instance": null,
        "key": undefined,
        "nodeType": "class",
        "props": Object {
          "as": [Function],
          "children": Array [
            <Icon
              as="i"
              name="plus"
            />,
            "New Program",
          ],
          "primary": true,
          "style": Object {
            "marginLeft": "10px",
          },
          "to": "/mission-control",
        },
        "ref": null,
        "rendered": Array [
          Object {
            "instance": null,
            "key": undefined,
            "nodeType": "class",
            "props": Object {
              "as": "i",
              "name": "plus",
            },
            "ref": null,
            "rendered": null,
            "type": [Function],
          },
          "New Program",
        ],
        "type": [Function],
      },
      null,
      Object {
        "instance": null,
        "key": undefined,
        "nodeType": "function",
        "props": Object {
          "active": true,
        },
        "ref": null,
        "rendered": null,
        "type": [Function],
      },
      Object {
        "instance": null,
        "key": undefined,
        "nodeType": "function",
        "props": Object {
          "active": true,
        },
        "ref": null,
        "rendered": null,
        "type": [Function],
      },
      Object {
        "instance": null,
        "key": undefined,
        "nodeType": "class",
        "props": Object {
          "cancelButton": "No",
          "confirmButton": "Yes",
          "content": "Are you sure you want to remove null?",
          "header": "Remove Program",
          "onCancel": [Function],
          "onConfirm": [Function],
          "open": false,
          "size": "small",
        },
        "ref": null,
        "rendered": null,
        "type": [Function],
      },
    ],
    "type": Symbol(react.fragment),
  },
  Symbol(enzyme.__nodes__): Array [
    Object {
      "instance": null,
      "key": undefined,
      "nodeType": "function",
      "props": Object {
        "children": Array [
          <Button
            as={[Function]}
            primary={true}
            style={
              Object {
                "marginLeft": "10px",
              }
            }
            to="/mission-control"
          >
            <Icon
              as="i"
              name="plus"
            />
            New Program
          </Button>,
          null,
          <Loader
            active={true}
          />,
          <Loader
            active={true}
          />,
          <Confirm
            cancelButton="No"
            confirmButton="Yes"
            content="Are you sure you want to remove null?"
            header="Remove Program"
            onCancel={[Function]}
            onConfirm={[Function]}
            open={false}
            size="small"
          />,
        ],
      },
      "ref": null,
      "rendered": Array [
        Object {
          "instance": null,
          "key": undefined,
          "nodeType": "class",
          "props": Object {
            "as": [Function],
            "children": Array [
              <Icon
                as="i"
                name="plus"
              />,
              "New Program",
            ],
            "primary": true,
            "style": Object {
              "marginLeft": "10px",
            },
            "to": "/mission-control",
          },
          "ref": null,
          "rendered": Array [
            Object {
              "instance": null,
              "key": undefined,
              "nodeType": "class",
              "props": Object {
                "as": "i",
                "name": "plus",
              },
              "ref": null,
              "rendered": null,
              "type": [Function],
            },
            "New Program",
          ],
          "type": [Function],
        },
        null,
        Object {
          "instance": null,
          "key": undefined,
          "nodeType": "function",
          "props": Object {
            "active": true,
          },
          "ref": null,
          "rendered": null,
          "type": [Function],
        },
        Object {
          "instance": null,
          "key": undefined,
          "nodeType": "function",
          "props": Object {
            "active": true,
          },
          "ref": null,
          "rendered": null,
          "type": [Function],
        },
        Object {
          "instance": null,
          "key": undefined,
          "nodeType": "class",
          "props": Object {
            "cancelButton": "No",
            "confirmButton": "Yes",
            "content": "Are you sure you want to remove null?",
            "header": "Remove Program",
            "onCancel": [Function],
            "onConfirm": [Function],
            "open": false,
            "size": "small",
          },
          "ref": null,
          "rendered": null,
          "type": [Function],
        },
      ],
      "type": Symbol(react.fragment),
    },
  ],
  Symbol(enzyme.__options__): Object {
    "adapter": ReactSixteenAdapter {
      "options": Object {
        "enableComponentDidUpdateOnSetState": true,
        "legacyContextMode": "parent",
        "lifecycles": Object {
          "componentDidUpdate": Object {
            "onSetState": true,
          },
          "getChildContext": Object {
            "calledByRenderer": false,
          },
          "getDerivedStateFromProps": true,
          "getSnapshotBeforeUpdate": true,
          "setState": Object {
            "skipsComponentDidUpdateOnNullish": true,
          },
        },
      },
    },
  },
}
`;
