// Jest Snapshot v1, https://goo.gl/fbAQLP

exports[`The RoverDetail component renders on the page with no errors 1`] = `
<Grid
  centered={true}
  columns={16}
  divided="vertically"
>
  <GridRow>
    <Header
      as="h1"
    >
      <FormattedMessage
        defaultMessage="Rover Settings"
        id="app.rover_detail.header"
        values={Object {}}
      />
    </Header>
  </GridRow>
  <GridRow>
    <GridColumn
      width={4}
    >
      <GridRow
        style={
          Object {
            "paddingBottom": "10px",
            "paddingTop": "10px",
          }
        }
      >
        <InjectIntl(Credential)
          rover={
            Object {
              "client_id": "1234",
              "client_secret": "5678",
              "config": Object {
                "left_eye_port": 1,
                "right_eye_port": 2,
              },
              "id": 1,
              "name": "Sparky",
            }
          }
        />
      </GridRow>
      <GridRow>
        <Segment
          raised={true}
        >
          <Form
            as="form"
            key="1"
            loading={false}
            onSubmit={[Function]}
          >
            <FormInput
              as={[Function]}
              control={[Function]}
              defaultValue="Sparky"
              inline={true}
              label="Name:"
              onChange={[Function]}
              required={true}
            />
            <FormField
              error={false}
            >
              <Accordion>
                <AccordionTitle
                  active={false}
                  onClick={[Function]}
                >
                  <Icon
                    as="i"
                    name="dropdown"
                  />
                  <FormattedMessage
                    defaultMessage="Advanced"
                    id="app.rover_detail.advanced"
                    values={Object {}}
                  />
                </AccordionTitle>
                <AccordionContent
                  active={false}
                >
                  <TextArea
                    as="textarea"
                    defaultValue="{\\"left_eye_port\\":1,\\"right_eye_port\\":2}"
                    onChange={[Function]}
                    rows={3}
                  />
                </AccordionContent>
              </Accordion>
            </FormField>
            <FormField>
              <FormattedMessage
                defaultMessage="Share with:"
                id="app.rover_detail.shared_user_label"
                values={Object {}}
              />
              <Dropdown
                additionLabel="Add "
                additionPosition="top"
                closeOnBlur={true}
                closeOnEscape={true}
                deburr={false}
                fluid={true}
                icon="dropdown"
                minCharacters={1}
                multiple={true}
                noResultsMessage="No results found."
                onChange={[Function]}
                openOnFocus={true}
                options={Array []}
                renderLabel={[Function]}
                searchInput="text"
                selectOnBlur={true}
                selectOnNavigation={true}
                selection={true}
                value={Array []}
                wrapSelection={true}
              />
            </FormField>
            <FormButton
              as={[Function]}
              control={[Function]}
              primary={true}
            >
              <FormattedMessage
                defaultMessage="Save"
                id="app.rover_detail.save"
                values={Object {}}
              />
            </FormButton>
          </Form>
        </Segment>
      </GridRow>
    </GridColumn>
  </GridRow>
</Grid>
`;
