// Jest Snapshot v1, https://goo.gl/fbAQLP

exports[`The RoverList component renders on the page with no errors 1`] = `
<Fragment>
  <Modal
    centered={true}
    closeOnDimmerClick={true}
    closeOnDocumentClick={false}
    dimmer={true}
    eventPool="Modal"
    onClose={[Function]}
    open={false}
    trigger={
      <Button
        as="button"
        onClick={[Function]}
        primary={true}
        style={
          Object {
            "marginLeft": "10%",
          }
        }
      >
        <Icon
          as="i"
          name="plus"
        />
        Register New Rover
      </Button>
    }
  >
    <ModalHeader>
      Enter the name of the rover
    </ModalHeader>
    <ModalContent>
      <Form
        as="form"
        id="nameForm"
        onSubmit={[Function]}
      >
        <FormInput
          as={[Function]}
          control={[Function]}
          onChange={[Function]}
          placeholder="Rover name"
          required={true}
        />
      </Form>
    </ModalContent>
    <ModalActions>
      <Button
        as="button"
        form="nameForm"
        primary={true}
        type="submit"
      >
        Create
      </Button>
      <Button
        as="button"
        onClick={[Function]}
      >
        Cancel
      </Button>
    </ModalActions>
  </Modal>
  <Segment
    raised={true}
    style={
      Object {
        "margin": "10px 10% 10px 10%",
      }
    }
  >
    <Header
      as="h1"
      textAlign="center"
    >
      Rovers
    </Header>
    <CardGroup
      centered={true}
    >
      <Card
        key="1"
      >
        <CardContent>
          <CardHeader>
            Sparky
          </CardHeader>
        </CardContent>
        <CardContent
          extra={true}
        >
          <Button
            as={[Function]}
            primary={true}
            to="/rovers/1"
          >
            Configure
          </Button>
          <Button
            as="button"
            floated="right"
            id={1}
            name="Sparky"
            negative={true}
            onClick={[Function]}
          >
            Remove
          </Button>
        </CardContent>
      </Card>
      <Card
        key="2"
      >
        <CardContent>
          <CardHeader>
            Marvin
          </CardHeader>
        </CardContent>
        <CardContent
          extra={true}
        >
          <Button
            as={[Function]}
            primary={true}
            to="/rovers/2"
          >
            Configure
          </Button>
          <Button
            as="button"
            floated="right"
            id={2}
            name="Marvin"
            negative={true}
            onClick={[Function]}
          >
            Remove
          </Button>
        </CardContent>
      </Card>
    </CardGroup>
    <Grid
      centered={true}
    >
      <GridRow>
        <CustomPagination
          defaultActivePage={1}
          onPageChange={[Function]}
          totalPages={2}
        />
      </GridRow>
    </Grid>
    <Confirm
      cancelButton="No"
      confirmButton="Yes"
      content="Are you sure you want to remove null?"
      header="Remove Rover"
      onCancel={[Function]}
      onConfirm={[Function]}
      open={false}
      size="small"
    />
  </Segment>
</Fragment>
`;
