// Jest Snapshot v1, https://goo.gl/fbAQLP

exports[`The RoverConnection component renders on the page with no errors 1`] = `
<Fragment>
  <Card
    color="blue"
    onClick={[Function]}
  >
    <CardContent>
      <Label
        corner="right"
        style={
          Object {
            "borderColor": "white",
          }
        }
      >
        <Icon
          as="i"
          name="circle outline"
        />
      </Label>
      <CardHeader>
        Sparky
      </CardHeader>
      <CardMeta>
        <FormattedMessage
          defaultMessage="Active"
          id="app.rover_connection.active"
          values={Object {}}
        />
      </CardMeta>
    </CardContent>
  </Card>
  <Websocket
    debug={false}
    onMessage={[Function]}
    reconnect={true}
    url="ws://localhost:8000/ws/realtime/1234/"
  />
</Fragment>
`;
