// Jest Snapshot v1, https://goo.gl/fbAQLP

exports[`The TopNav component should render on the page with no errors 1`] = `
<Fragment>
  <div>
    <WithStyles(ForwardRef(AppBar))
      color="secondary"
      position="static"
    >
      <WithStyles(ForwardRef(Toolbar))>
        <WithStyles(ForwardRef(Grid))
          container={true}
          direction="row"
          item={true}
          spacing={4}
        >
          <WithStyles(ForwardRef(Grid))
            item={true}
            xs={2}
          >
            <Styled(MuiBox)
              display="flex"
              justifyContent="left"
            >
              <WithStyles(ForwardRef(Button))
                color="secondary"
                component={
                  Object {
                    "$$typeof": Symbol(react.forward_ref),
                    "displayName": "Link",
                    "propTypes": Object {
                      "innerRef": [Function],
                      "onClick": [Function],
                      "replace": [Function],
                      "target": [Function],
                      "to": [Function],
                    },
                    "render": [Function],
                  }
                }
                disableElevation={true}
                size="large"
                to="/"
                variant="contained"
              >
                <WithStyles(ForwardRef(Typography))
                  variant="h6"
                >
                  Logo/Connect
                </WithStyles(ForwardRef(Typography))>
              </WithStyles(ForwardRef(Button))>
            </Styled(MuiBox)>
          </WithStyles(ForwardRef(Grid))>
          <WithStyles(ForwardRef(Grid))
            item={true}
            xs={2}
          >
            <Styled(MuiBox)
              display="flex"
              justifyContent="center"
            >
              <WithStyles(ForwardRef(Button))
                color="secondary"
                component={
                  Object {
                    "$$typeof": Symbol(react.forward_ref),
                    "displayName": "Link",
                    "propTypes": Object {
                      "innerRef": [Function],
                      "onClick": [Function],
                      "replace": [Function],
                      "target": [Function],
                      "to": [Function],
                    },
                    "render": [Function],
                  }
                }
                disableElevation={true}
                size="large"
                to="/programs"
                variant="contained"
              >
                <WithStyles(ForwardRef(Typography))
                  variant="h6"
                >
                  <FormattedMessage
                    defaultMessage="My Programs"
                    id="app.top_nav.my_programs"
                    values={Object {}}
                  />
                </WithStyles(ForwardRef(Typography))>
              </WithStyles(ForwardRef(Button))>
            </Styled(MuiBox)>
          </WithStyles(ForwardRef(Grid))>
          <WithStyles(ForwardRef(Grid))
            item={true}
            xs={2}
          >
            <Styled(MuiBox)
              display="flex"
              justifyContent="center"
            >
              <WithStyles(ForwardRef(Button))
                color="secondary"
                component={
                  Object {
                    "$$typeof": Symbol(react.forward_ref),
                    "displayName": "Link",
                    "propTypes": Object {
                      "innerRef": [Function],
                      "onClick": [Function],
                      "replace": [Function],
                      "target": [Function],
                      "to": [Function],
                    },
                    "render": [Function],
                  }
                }
                disableElevation={true}
                size="large"
                to="/programs"
                variant="contained"
              >
                <WithStyles(ForwardRef(Typography))
                  variant="h6"
                >
                  <FormattedMessage
                    defaultMessage="Community Programs"
                    id="app.top_nav.community_programs"
                    values={Object {}}
                  />
                </WithStyles(ForwardRef(Typography))>
              </WithStyles(ForwardRef(Button))>
            </Styled(MuiBox)>
          </WithStyles(ForwardRef(Grid))>
          <WithStyles(ForwardRef(Grid))
            item={true}
            xs={2}
          >
            <Styled(MuiBox)
              display="flex"
              justifyContent="center"
            >
              <WithStyles(ForwardRef(Button))
                color="secondary"
                component={
                  Object {
                    "$$typeof": Symbol(react.forward_ref),
                    "displayName": "Link",
                    "propTypes": Object {
                      "innerRef": [Function],
                      "onClick": [Function],
                      "replace": [Function],
                      "target": [Function],
                      "to": [Function],
                    },
                    "render": [Function],
                  }
                }
                disableElevation={true}
                size="large"
                to="/programs"
                variant="contained"
              >
                <WithStyles(ForwardRef(Typography))
                  variant="h6"
                >
                  <FormattedMessage
                    defaultMessage="Courses"
                    id="app.top_nav.courses"
                    values={Object {}}
                  />
                </WithStyles(ForwardRef(Typography))>
              </WithStyles(ForwardRef(Button))>
            </Styled(MuiBox)>
          </WithStyles(ForwardRef(Grid))>
        </WithStyles(ForwardRef(Grid))>
        <WithStyles(ForwardRef(Button))
          aria-controls="user-menu"
          aria-haspopup="true"
          aria-label="account of current user"
          color="secondary"
          disableElevation={true}
          endIcon={<Memo(ArrowDropDownIcon) />}
          onClick={[Function]}
          size="large"
          variant="contained"
        >
          <WithStyles(ForwardRef(Typography))
            variant="h6"
          >
            Dale Gribble
          </WithStyles(ForwardRef(Typography))>
        </WithStyles(ForwardRef(Button))>
        <WithStyles(ForwardRef(Menu))
          anchorEl={null}
          anchorOrigin={
            Object {
              "horizontal": "center",
              "vertical": "bottom",
            }
          }
          getContentAnchorEl={null}
          id="user-menu"
          keepMounted={true}
          onClose={[Function]}
          open={false}
          transformOrigin={
            Object {
              "horizontal": "center",
              "vertical": "top",
            }
          }
        >
          <WithStyles(ForwardRef(MenuItem))
            component={
              Object {
                "$$typeof": Symbol(react.forward_ref),
                "displayName": "Link",
                "propTypes": Object {
                  "innerRef": [Function],
                  "onClick": [Function],
                  "replace": [Function],
                  "target": [Function],
                  "to": [Function],
                },
                "render": [Function],
              }
            }
            to="/user/settings"
          >
            <FormattedMessage
              defaultMessage="Settings"
              id="app.top_nav.settings"
              values={Object {}}
            />
          </WithStyles(ForwardRef(MenuItem))>
          <WithStyles(ForwardRef(MenuItem))
            onClick={[Function]}
          >
            <FormattedMessage
              defaultMessage="Sign Out"
              id="app.top_nav.sign_out"
              values={Object {}}
            />
          </WithStyles(ForwardRef(MenuItem))>
        </WithStyles(ForwardRef(Menu))>
      </WithStyles(ForwardRef(Toolbar))>
    </WithStyles(ForwardRef(AppBar))>
    <WithStyles(Styled(MuiBox)) />
  </div>
</Fragment>
`;
