// Jest Snapshot v1, https://goo.gl/fbAQLP

exports[`The TopNav component should render on the page with no errors 1`] = `
<TopNav
  allCookies={
    Object {
      "auth_jwt": "1234",
      "refresh_jwt": "5678",
    }
  }
  classes={
    Object {
      "hiddenOnMobile": "TopNav-hiddenOnMobile-1",
      "hiddenOnWeb": "TopNav-hiddenOnWeb-2",
    }
  }
  cookies={
    Cookies {
      "HAS_DOCUMENT_COOKIE": true,
      "changeListeners": Array [
        [Function],
      ],
      "cookies": Object {
        "auth_jwt": "1234",
        "refresh_jwt": "5678",
      },
    }
  }
  logout={[Function]}
  store={
    Object {
      "clearActions": [Function],
      "dispatch": [MockFunction],
      "getActions": [Function],
      "getState": [Function],
      "replaceReducer": [Function],
      "subscribe": [Function],
    }
  }
  userName="Dale Gribble"
/>
`;
