// Jest Snapshot v1, https://goo.gl/fbAQLP

exports[`The UserSetting component renders on the page with no errors 1`] = `
<Grid
  centered={true}
  columns={16}
  divided="vertically"
>
  <GridRow>
    <Header
      as="h1"
    >
      <Icon
        as="i"
        name="settings"
      />
      <HeaderContent>
        My Settings
      </HeaderContent>
    </Header>
  </GridRow>
  <GridRow>
    <GridColumn
      width={5}
    >
      <Message
        info={true}
      >
        Changing any of these settings requires signing back in.
      </Message>
      <GridRow
        style={
          Object {
            "paddingBottom": "10px",
            "paddingTop": "10px",
          }
        }
      >
        <Segment
          raised={true}
        >
          <Header
            dividing={true}
          >
            <Icon
              as="i"
              name="user"
            />
            <HeaderContent>
              Change Username
            </HeaderContent>
          </Header>
          <Form
            as="form"
            key="1"
            onSubmit={[Function]}
          >
            <FormInput
              as={[Function]}
              control={[Function]}
              defaultValue="testuser"
              error={null}
              inline={true}
              label="Username:"
              name="username"
              onChange={[Function]}
              required={true}
            />
            <FormButton
              as={[Function]}
              control={[Function]}
              primary={true}
            >
              Save
            </FormButton>
          </Form>
        </Segment>
      </GridRow>
      <GridRow>
        <Segment
          raised={true}
        >
          <Header
            dividing={true}
          >
            <Icon
              as="i"
              name="lock"
            />
            <HeaderContent>
              Change Password
            </HeaderContent>
          </Header>
          <Form
            as="form"
            key="1"
            onSubmit={[Function]}
          >
            <FormGroup
              widths="equal"
            >
              <FormInput
                as={[Function]}
                control={[Function]}
                error={null}
                label="New Password:"
                name="password1"
                onChange={[Function]}
                required={true}
                type="password"
              />
              <FormInput
                as={[Function]}
                control={[Function]}
                error={null}
                label="Verify:"
                name="password2"
                onChange={[Function]}
                required={true}
                type="password"
              />
            </FormGroup>
            <FormButton
              as={[Function]}
              control={[Function]}
              primary={true}
            >
              Save
            </FormButton>
          </Form>
        </Segment>
      </GridRow>
    </GridColumn>
  </GridRow>
</Grid>
`;
